---------appTest/req_04_query_beverage.test----------
			<= command =>
(export NOW="2019-11-28T12:00:00.000Z";export JUICE_TRANSACTIONS_STORE_PATH="./appTest/preset_2_orange_juices_transactionData.json";node beverage.js --query --beverage Watermelon)

			<= actual output =>
./appTest/preset_2_orange_juices_transactionData.json
Employee ID, Beverage, Quantity, Date
Total: 0 Juices

			<= expected output =>
Employee ID, Beverage, Quantity, Date
11111,Watermelon,1,2019-11-20T05:50:28.267Z
Total: 1 Juices
Sun Dec  1 23:16:43 IST 2019
